[     111ms] [LOG] [Fast Refresh] rebuilding @ http://localhost:3000/_next/static/chunks/node_modules_next_dist_115brz8._.js:2431
[     854ms] [LOG] [Fast Refresh] done in 845ms @ http://localhost:3000/_next/static/chunks/node_modules_next_dist_115brz8._.js:2431
[     902ms] [INFO] %cDownload the React DevTools for a better development experience: https://react.dev/link/react-devtools font-weight:bold @ http://localhost:3000/_next/static/chunks/node_modules_next_dist_115brz8._.js:2431
[     937ms] [LOG] [HMR] connected @ http://localhost:3000/_next/static/chunks/node_modules_next_dist_115brz8._.js:2431
[    1157ms] [ERROR] Failed to load resource: the server responded with a status of 400 (Bad Request) @ http://localhost:3000/api/copilotkit:0
[    1158ms] [WARNING] Failed to load runtime info (/api/copilotkit/info): Runtime info request failed with status 400 @ http://localhost:3000/_next/static/chunks/node_modules_next_dist_115brz8._.js:2431
[    1261ms] [WARNING] Lit is in dev mode. Not recommended for production! See https://lit.dev/msg/dev-mode for more information. @ http://localhost:3000/_next/static/chunks/node_modules_next_dist_115brz8._.js:2431
[  121852ms] [WARNING] Agent default not found @ http://localhost:3000/_next/static/chunks/node_modules_next_dist_115brz8._.js:2431
[  121853ms] [WARNING] Agent default not found @ http://localhost:3000/_next/static/chunks/node_modules_next_dist_115brz8._.js:2431
[  121854ms] [WARNING] Agent default not found @ http://localhost:3000/_next/static/chunks/node_modules_next_dist_115brz8._.js:2431
[  121854ms] [WARNING] Agent default not found @ http://localhost:3000/_next/static/chunks/node_modules_next_dist_115brz8._.js:2431
[  121854ms] [WARNING] Agent default not found @ http://localhost:3000/_next/static/chunks/node_modules_next_dist_115brz8._.js:2431
[  121855ms] [WARNING] Agent default not found @ http://localhost:3000/_next/static/chunks/node_modules_next_dist_115brz8._.js:2431
[  121855ms] [WARNING] Agent default not found @ http://localhost:3000/_next/static/chunks/node_modules_next_dist_115brz8._.js:2431
[  121856ms] [WARNING] Agent default not found @ http://localhost:3000/_next/static/chunks/node_modules_next_dist_115brz8._.js:2431
[  121856ms] [WARNING] Agent default not found @ http://localhost:3000/_next/static/chunks/node_modules_next_dist_115brz8._.js:2431
[  121856ms] [WARNING] Agent default not found @ http://localhost:3000/_next/static/chunks/node_modules_next_dist_115brz8._.js:2431
[  121867ms] [WARNING] Agent default not found @ http://localhost:3000/_next/static/chunks/node_modules_next_dist_115brz8._.js:2431
[  121868ms] [WARNING] Agent default not found @ http://localhost:3000/_next/static/chunks/node_modules_next_dist_115brz8._.js:2431
[  121877ms] [WARNING] Agent default not found @ http://localhost:3000/_next/static/chunks/node_modules_next_dist_115brz8._.js:2431
[  121877ms] [WARNING] Agent default not found @ http://localhost:3000/_next/static/chunks/node_modules_next_dist_115brz8._.js:2431
[  121878ms] [WARNING] Agent default not found @ http://localhost:3000/_next/static/chunks/node_modules_next_dist_115brz8._.js:2431
[  121878ms] [WARNING] Agent default not found @ http://localhost:3000/_next/static/chunks/node_modules_next_dist_115brz8._.js:2431
[  121878ms] [WARNING] Agent default not found @ http://localhost:3000/_next/static/chunks/node_modules_next_dist_115brz8._.js:2431
[  121879ms] [WARNING] Agent default not found @ http://localhost:3000/_next/static/chunks/node_modules_next_dist_115brz8._.js:2431
